// Jest Snapshot v1, https://goo.gl/fbAQLP

exports[`ChirpCard renders correctly 1`] = `
<View
  style={
    Object {
      "borderWidth": 2,
      "display": "flex",
      "flexDirection": "column",
      "justifyContent": "center",
      "marginTop": 50,
    }
  }
>
  <Text
    style={
      Object {
        "fontSize": 20,
        "fontWeight": "600",
        "marginTop": 7,
      }
    }
  >
    Douglas Adams
  </Text>
  <View
    style={
      Object {
        "alignContent": "flex-end",
        "borderWidth": 1,
        "padding": 10,
        "width": 600,
      }
    }
  >
    <Text
      style={
        Object {
          "color": "black",
          "fontSize": 25,
          "marginHorizontal": 10,
          "textAlign": "center",
        }
      }
    >
      Don't panic.
    </Text>
  </View>
  <View
    style={
      Object {
        "flexDirection": "row",
      }
    }
  >
    <View
      style={
        Object {
          "flex": 1,
        }
      }
    >
      <Text />
    </View>
    <View
      style={
        Object {
          "flex": 3,
        }
      }
    >
      <Text>
        42
      </Text>
    </View>
    <View
      style={
        Object {
          "flex": 6,
        }
      }
    >
      <time
        dateTime="2020-12-31T23:00:00.000Z"
        title="2020-12-31 23:00"
      >
        11 months ago
      </time>
    </View>
  </View>
</View>
`;
