// Jest Snapshot v1, https://goo.gl/fbAQLP

exports[`DeletedChirpCard renders correctly 1`] = `
<View
  style={
    Object {
      "borderColor": "gray",
      "borderTopWidth": 0,
      "borderWidth": 1,
      "flexDirection": "row",
      "padding": 10,
      "width": 600,
    }
  }
>
  <View
    style={
      Object {
        "width": 60,
      }
    }
  >
    <Text />
  </View>
  <View
    style={
      Object {
        "display": "flex",
        "flexDirection": "column",
      }
    }
  >
    <View
      style={
        Object {
          "fontSize": 18,
          "marginTop": 7,
        }
      }
    >
      <Text
        style={
          Object {
            "fontSize": 18,
            "fontWeight": "600",
          }
        }
      >
        Douglas Adams
      </Text>
    </View>
    <Text
      style={
        Object {
          "color": "gray",
          "fontSize": 18,
          "paddingBottom": 20,
          "paddingTop": 10,
          "width": 520,
        }
      }
    >
      This chirp was deleted
    </Text>
    <View
      style={
        Object {
          "flex": 1,
          "flexDirection": "row",
          "marginRight": 10,
        }
      }
    >
      <Text />
      <Text>
          0
      </Text>
    </View>
    <View
      style={
        Object {
          "alignSelf": "flex-end",
          "marginTop": 10,
        }
      }
    >
      <time
        dateTime="2020-12-31T23:00:00.000Z"
        title="2020-12-31 23:00"
      >
        1 year ago
      </time>
    </View>
  </View>
</View>
`;
