// Jest Snapshot v1, https://goo.gl/fbAQLP

exports[`WitnessNotification renders correctly 1`] = `
<View
  style={
    {
      "backgroundColor": "#fff",
      "borderRadius": 10,
      "elevation": 3,
      "padding": 20,
      "shadowColor": "#000",
      "shadowOffset": {
        "height": 1,
        "width": 0,
      },
      "shadowOpacity": 0.05,
      "shadowRadius": 2,
    }
  }
>
  <Text
    style={
      [
        {
          "color": "#000",
          "fontSize": 20,
          "lineHeight": 26,
          "textAlign": "left",
        },
        {
          "fontWeight": "bold",
        },
        {
          "marginBottom": 10,
        },
      ]
    }
  >
    Witnessing Required
  </Text>
  <Text>
    No data available.
  </Text>
  <View
    style={
      {
        "marginBottom": 10,
        "marginTop": 10,
      }
    }
  >
    <View
      accessible={true}
      collapsable={false}
      focusable={true}
      onClick={[Function]}
      onResponderGrant={[Function]}
      onResponderMove={[Function]}
      onResponderRelease={[Function]}
      onResponderTerminate={[Function]}
      onResponderTerminationRequest={[Function]}
      onStartShouldSetResponder={[Function]}
      style={
        {
          "opacity": 1,
        }
      }
    >
      <View
        style={
          [
            {
              "backgroundColor": "#3742fa",
              "borderColor": "#3742fa",
              "borderRadius": 8,
              "borderWidth": 1,
              "padding": 8,
            },
          ]
        }
      >
        <Text
          style={
            {
              "color": "#fff",
              "fontSize": 18,
              "margin": 3,
              "textAlign": "center",
            }
          }
        >
          Witness Message
        </Text>
      </View>
    </View>
  </View>
  <View
    style={
      {
        "marginBottom": 10,
      }
    }
  >
    <View
      accessible={true}
      collapsable={false}
      focusable={true}
      onClick={[Function]}
      onResponderGrant={[Function]}
      onResponderMove={[Function]}
      onResponderRelease={[Function]}
      onResponderTerminate={[Function]}
      onResponderTerminationRequest={[Function]}
      onStartShouldSetResponder={[Function]}
      style={
        {
          "opacity": 1,
        }
      }
    >
      <View
        style={
          [
            {
              "backgroundColor": "#3742fa",
              "borderColor": "#3742fa",
              "borderRadius": 8,
              "borderWidth": 1,
              "padding": 8,
            },
          ]
        }
      >
        <Text
          style={
            {
              "color": "#fff",
              "fontSize": 18,
              "margin": 3,
              "textAlign": "center",
            }
          }
        >
          Decline Message
        </Text>
      </View>
    </View>
  </View>
</View>
`;
