// Jest Snapshot v1, https://goo.gl/fbAQLP

exports[`SocialProfile renders correctly with an empty user public key 1`] = `
<View
  style={
    Object {
      "alignSelf": "center",
      "marginTop": 20,
      "width": 600,
    }
  }
>
  <Text
    style={
      Object {
        "color": "black",
        "fontSize": 25,
        "marginHorizontal": 10,
        "textAlign": "center",
      }
    }
  >
    You do not have a social media profile yet, be sure to have participated in a roll call.
  </Text>
</View>
`;
