// Jest Snapshot v1, https://goo.gl/fbAQLP

exports[`EventMeeting renders correctly 1`] = `
Array [
  <View>
    <Text
      style={
        Object {
          "marginHorizontal": 10,
        }
      }
    >
      Start: 
      <time
        dateTime="2021-05-05T23:00:00.000Z"
        title="2021-05-05 23:00"
      >
        0 seconds from now
      </time>
    </Text>
  </View>,
  <View>
    <Text
      style={
        Object {
          "marginHorizontal": 10,
        }
      }
    >
      End: 
      <time
        dateTime="2021-05-05T23:03:20.000Z"
        title="2021-05-05 23:03"
      >
        3 minutes from now
      </time>
    </Text>
  </View>,
  <Text
    style={
      Object {
        "marginHorizontal": 10,
      }
    }
  >
    Lausanne
  </Text>,
]
`;
