// Jest Snapshot v1, https://goo.gl/fbAQLP

exports[`CameraButton renders correctly 1`] = `
<View>
  <View
    accessible={true}
    collapsable={false}
    focusable={true}
    onBlur={[Function]}
    onClick={[Function]}
    onFocus={[Function]}
    onResponderGrant={[Function]}
    onResponderMove={[Function]}
    onResponderRelease={[Function]}
    onResponderTerminate={[Function]}
    onResponderTerminationRequest={[Function]}
    onStartShouldSetResponder={[Function]}
  >
    <RNGestureHandlerButton
      collapsable={false}
      exclusive={true}
      handlerTag={1}
      handlerType="NativeViewGestureHandler"
      onGestureEvent={[Function]}
      onGestureHandlerEvent={[Function]}
      onGestureHandlerStateChange={[Function]}
      onHandlerStateChange={[Function]}
      rippleColor={0}
      touchSoundDisabled={false}
    >
      <View
        accessible={true}
        collapsable={false}
        style={
          Object {
            "alignContent": "center",
            "alignItems": "center",
            "backgroundColor": "#2196F3",
            "borderRadius": 80,
            "height": 80,
            "justifyContent": "center",
            "opacity": 1,
            "width": 80,
          }
        }
      >
        <Image
          source={1}
          style={
            Object {
              "height": 64,
              "width": 64,
            }
          }
        />
      </View>
    </RNGestureHandlerButton>
  </View>
</View>
`;
