// Jest Snapshot v1, https://goo.gl/fbAQLP

exports[`ScannerInput renders correctly 1`] = `
<View
  style={
    {
      "alignItems": "center",
      "flexDirection": "row",
      "zIndex": 99,
    }
  }
>
  <View
    style={
      {
        "flex": 1,
      }
    }
  >
    <View>
      <View
        style={
          {
            "borderWidth": 0,
          }
        }
      >
        <View
          style={
            {
              "flex": 1,
              "flexDirection": "row",
            }
          }
        >
          <TextInput
            editable={true}
            onChangeText={[Function]}
            placeholder=""
            placeholderTextColor="#8E8E8E"
            style={
              [
                {
                  "color": "#000",
                  "fontSize": 20,
                  "lineHeight": 26,
                  "marginBottom": 16,
                  "textAlign": "left",
                },
                {
                  "backgroundColor": "#fff",
                  "borderColor": "#fff",
                  "borderRadius": 8,
                  "borderWidth": 1,
                  "flex": 1,
                  "padding": 8,
                  "width": 50,
                },
              ]
            }
            value=""
          />
        </View>
      </View>
      <View
        style={
          {
            "backgroundColor": "#fff",
            "borderRadius": 8,
            "left": 0,
            "maxHeight": 200,
            "position": "absolute",
            "right": 0,
            "shadowColor": "#000",
            "shadowOffset": {
              "height": 5,
              "width": 5,
            },
            "shadowOpacity": 0.1,
            "shadowRadius": 3,
            "top": "100%",
            "zIndex": 100,
          }
        }
      >
        <RCTScrollView
          collapsable={false}
          data={
            [
              "aaa",
              "aab",
              "aac",
            ]
          }
          getItem={[Function]}
          getItemCount={[Function]}
          handlerTag={1}
          handlerType="NativeViewGestureHandler"
          keyExtractor={[Function]}
          onContentSizeChange={[Function]}
          onGestureHandlerEvent={[Function]}
          onGestureHandlerStateChange={[Function]}
          onLayout={[Function]}
          onMomentumScrollBegin={[Function]}
          onMomentumScrollEnd={[Function]}
          onScroll={[Function]}
          onScrollBeginDrag={[Function]}
          onScrollEndDrag={[Function]}
          removeClippedSubviews={false}
          renderItem={[Function]}
          renderScrollComponent={[Function]}
          scrollEventThrottle={50}
          stickyHeaderIndices={[]}
          viewabilityConfigCallbackPairs={[]}
          waitFor={
            [
              {
                "current": null,
              },
              {
                "current": null,
              },
            ]
          }
        >
          <View>
            <View
              onLayout={[Function]}
              style={null}
            >
              <View
                accessible={true}
                collapsable={false}
                focusable={true}
                onClick={[Function]}
                onResponderGrant={[Function]}
                onResponderMove={[Function]}
                onResponderRelease={[Function]}
                onResponderTerminate={[Function]}
                onResponderTerminationRequest={[Function]}
                onStartShouldSetResponder={[Function]}
                style={
                  {
                    "opacity": 1,
                  }
                }
              >
                <Text
                  numberOfLines={1}
                  style={
                    {
                      "color": "#000",
                      "fontSize": 20,
                      "lineHeight": 26,
                      "textAlign": "left",
                    }
                  }
                >
                  aaa
                </Text>
              </View>
            </View>
            <View
              onLayout={[Function]}
              style={null}
            >
              <View
                accessible={true}
                collapsable={false}
                focusable={true}
                onClick={[Function]}
                onResponderGrant={[Function]}
                onResponderMove={[Function]}
                onResponderRelease={[Function]}
                onResponderTerminate={[Function]}
                onResponderTerminationRequest={[Function]}
                onStartShouldSetResponder={[Function]}
                style={
                  {
                    "opacity": 1,
                  }
                }
              >
                <Text
                  numberOfLines={1}
                  style={
                    {
                      "color": "#000",
                      "fontSize": 20,
                      "lineHeight": 26,
                      "textAlign": "left",
                    }
                  }
                >
                  aab
                </Text>
              </View>
            </View>
            <View
              onLayout={[Function]}
              style={null}
            >
              <View
                accessible={true}
                collapsable={false}
                focusable={true}
                onClick={[Function]}
                onResponderGrant={[Function]}
                onResponderMove={[Function]}
                onResponderRelease={[Function]}
                onResponderTerminate={[Function]}
                onResponderTerminationRequest={[Function]}
                onStartShouldSetResponder={[Function]}
                style={
                  {
                    "opacity": 1,
                  }
                }
              >
                <Text
                  numberOfLines={1}
                  style={
                    {
                      "color": "#000",
                      "fontSize": 20,
                      "lineHeight": 26,
                      "textAlign": "left",
                    }
                  }
                >
                  aac
                </Text>
              </View>
            </View>
          </View>
        </RCTScrollView>
      </View>
    </View>
  </View>
  <View
    style={
      {
        "marginLeft": 16,
      }
    }
  >
    <View
      accessible={true}
      collapsable={false}
      focusable={true}
      onClick={[Function]}
      onResponderGrant={[Function]}
      onResponderMove={[Function]}
      onResponderRelease={[Function]}
      onResponderTerminate={[Function]}
      onResponderTerminationRequest={[Function]}
      onStartShouldSetResponder={[Function]}
      style={
        {
          "opacity": 1,
        }
      }
    >
      <View
        style={
          [
            {
              "backgroundColor": "#3742fa",
              "borderColor": "#3742fa",
              "borderRadius": 8,
              "borderWidth": 1,
              "padding": 8,
            },
          ]
        }
      >
        <View>
          {"name":"ios-scan","size":25,"color":"#fff"}
        </View>
      </View>
    </View>
  </View>
</View>
`;
