// Jest Snapshot v1, https://goo.gl/fbAQLP

exports[`BackButton renders correctly 1`] = `
<View
  style={
    Object {
      "width": 23,
    }
  }
>
  <View
    accessible={true}
    collapsable={false}
    focusable={true}
    onBlur={[Function]}
    onClick={[Function]}
    onFocus={[Function]}
    onResponderGrant={[Function]}
    onResponderMove={[Function]}
    onResponderRelease={[Function]}
    onResponderTerminate={[Function]}
    onResponderTerminationRequest={[Function]}
    onStartShouldSetResponder={[Function]}
    testID="backButton"
  >
    {"name":"chevron-back-outline","size":23}
  </View>
</View>
`;
