// Jest Snapshot v1, https://goo.gl/fbAQLP

exports[`NewChirp renders correctly 1`] = `
<View
  style={
    {
      "marginBottom": 16,
    }
  }
>
  <View
    style={
      {
        "backgroundColor": "#fff",
        "borderColor": "#000",
        "borderRadius": 8,
        "flexDirection": "row",
        "padding": 16,
      }
    }
  >
    <View
      style={
        {
          "marginRight": 16,
        }
      }
    >
      <blockies
        bgColor="#ffffff"
        scale={5}
        seed="oKHk3AivbpNXk_SfFcHDaVHcCcY8IBfHE7auXJ7h4ms="
        size={8}
        spotColor="#008ec2"
      />
    </View>
    <View
      style={
        {
          "display": "flex",
          "flexDirection": "column",
          "flexGrow": 1,
        }
      }
    >
      <TextInput
        multiline={true}
        numberOfLines={1}
        onBlur={[Function]}
        onChangeText={[Function]}
        onFocus={[Function]}
        placeholder="Your chirp"
        placeholderTextColor="#8E8E8E"
        selectTextOnFocus={true}
        style={
          [
            {
              "color": "#000",
              "fontSize": 20,
              "lineHeight": 26,
              "textAlign": "left",
            },
            {
              "alignContent": "flex-end",
              "borderColor": "#000",
              "borderRadius": 8,
              "borderWidth": 1,
              "padding": 16,
            },
          ]
        }
        testID="new_chirp_input"
        value=""
      />
      <View
        style={
          {
            "alignItems": "center",
            "alignSelf": "flex-end",
            "flexDirection": "row",
            "marginTop": 16,
          }
        }
      >
        <View
          style={
            {
              "marginRight": 16,
            }
          }
        >
          <Text
            style={
              [
                {
                  "color": "#000",
                  "fontSize": 20,
                  "lineHeight": 26,
                  "textAlign": "left",
                },
              ]
            }
          >
            300
          </Text>
        </View>
        <View
          accessible={true}
          collapsable={false}
          focusable={true}
          onBlur={[Function]}
          onClick={[Function]}
          onFocus={[Function]}
          onResponderGrant={[Function]}
          onResponderMove={[Function]}
          onResponderRelease={[Function]}
          onResponderTerminate={[Function]}
          onResponderTerminationRequest={[Function]}
          onStartShouldSetResponder={[Function]}
          style={{}}
          testID="new_chirp_publish"
        >
          <RNGestureHandlerButton
            collapsable={false}
            delayLongPress={600}
            enabled={true}
            exclusive={true}
            handlerTag={1}
            handlerType="NativeViewGestureHandler"
            onGestureEvent={[Function]}
            onGestureHandlerEvent={[Function]}
            onGestureHandlerStateChange={[Function]}
            onHandlerStateChange={[Function]}
            rippleColor={0}
            touchSoundDisabled={false}
          >
            <View
              accessible={true}
              collapsable={false}
              style={
                {
                  "opacity": 1,
                }
              }
            >
              <View
                style={
                  [
                    {
                      "backgroundColor": "#3742fa",
                      "borderColor": "#3742fa",
                      "borderRadius": 8,
                      "borderWidth": 1,
                      "padding": 8,
                    },
                    {
                      "backgroundColor": "#8E8E8E",
                      "borderColor": "#8E8E8E",
                    },
                  ]
                }
              >
                <Text
                  style={
                    [
                      {
                        "color": "#000",
                        "fontSize": 20,
                        "lineHeight": 26,
                        "textAlign": "left",
                      },
                      {
                        "textAlign": "center",
                      },
                      {
                        "color": "#fff",
                      },
                    ]
                  }
                >
                  Publish
                </Text>
              </View>
            </View>
          </RNGestureHandlerButton>
        </View>
      </View>
    </View>
  </View>
  <Modal
    hardwareAccelerated={false}
    onRequestClose={[Function]}
    transparent={true}
    visible={false}
  />
</View>
`;
